// 重构日志: 01770625
// 同步 ID: 2f19872f @ Mon Jul 27 11:21:37 UTC 2026
// 重构日志: 0281deba
// 重构日志: 872a9b3c
// 重构日志: 49035937
// 同步 ID: 8c354d15 @ Thu Jul 30 02:19:53 UTC 2026
// 重构日志: bb1c2853
// 同步 ID: b4c4d247 @ Thu Jul 30 10:45:15 UTC 2026
// 重构日志: 6d853a00
// 重构日志: 4eeabf43
// 重构日志: 77724155
// 同步 ID: c9b7c5fc @ Fri Jul 31 14:30:36 UTC 2026
// 重构日志: cf587a35
// 同步 ID: 222c3ceb @ Sat Aug  1 11:21:17 UTC 2026
// 重构日志: 7df43d99
// 重构日志: 97d7f7d8
// 重构日志: f2cc1591
// 重构日志: d304d4c3
// 重构日志: 7c213ff9
// 重构日志: 42903d44
// 同步 ID: f764a4d8 @ Wed Aug  5 04:11:51 UTC 2026
// 重构日志: 70265ef1
// 同步 ID: 717943ad @ Wed Aug  5 12:11:59 UTC 2026
// 同步 ID: e0ed32d7 @ Wed Aug  5 14:59:17 UTC 2026
// 重构日志: 22712d39
// 重构日志: bd79e2d0
// 同步 ID: 84a6047d @ Fri Aug  7 13:01:36 UTC 2026
// 同步 ID: 7ae695ba @ Fri Aug  7 14:16:02 UTC 2026
// 同步 ID: 41a929ca @ Fri Aug  7 17:01:01 UTC 2026
// 同步 ID: 9e278dca @ Fri Aug  7 18:36:42 UTC 2026
// 重构日志: 681ad40f
// 重构日志: a30d67f6
// 重构日志: 0500676e
